// Jest Snapshot v1, https://goo.gl/fbAQLP

exports[`Calendar component component should match snapshot 1`] = `
<div
  class="vue-calendar is-month"
>
  <div
    class="vue-calendar-header"
  >
    <div
      class="vue-calendar-header-left"
    />
    <div
      class="vue-calendar-header-center"
    >
      <a
        class="vue-calendar-control vue-calendar-prev"
      >
        &lt;
      </a>
      <span
        class="vue-calendar-header-date"
      >
        1/2018
      </span>
      <a
        class="vue-calendar-control vue-calendar-next"
      >
        &gt;
      </a>
    </div>
    <div
      class="vue-calendar-header-right"
    />
  </div>
  <div
    class="vue-calendar-week-title"
  >
    <div
      class="vue-calendar-week-title-item"
    >
      Sun
    </div>
    <div
      class="vue-calendar-week-title-item"
    >
      Mon
    </div>
    <div
      class="vue-calendar-week-title-item"
    >
      Tue
    </div>
    <div
      class="vue-calendar-week-title-item"
    >
      Wed
    </div>
    <div
      class="vue-calendar-week-title-item"
    >
      Thu
    </div>
    <div
      class="vue-calendar-week-title-item"
    >
      Fri
    </div>
    <div
      class="vue-calendar-week-title-item"
    >
      Sat
    </div>
  </div>
  <div
    class="vue-calendar-body"
  >
    <div
      class="vue-calendar-body-row"
    >
      <div
        class="vue-calendar-day-item"
      />
      <div
        class="vue-calendar-day-item"
      />
      <div
        class="vue-calendar-day-item"
      />
      <div
        class="vue-calendar-day-item"
      />
      <div
        class="vue-calendar-day-item"
      />
      <div
        class="vue-calendar-day-item"
      />
      <div
        class="vue-calendar-day-item"
      />
    </div>
    <div
      class="vue-calendar-body-row"
    >
      <div
        class="vue-calendar-day-item"
      />
      <div
        class="vue-calendar-day-item"
      />
      <div
        class="vue-calendar-day-item"
      />
      <div
        class="vue-calendar-day-item"
      />
      <div
        class="vue-calendar-day-item"
      />
      <div
        class="vue-calendar-day-item"
      />
      <div
        class="vue-calendar-day-item"
      />
    </div>
    <div
      class="vue-calendar-body-row"
    >
      <div
        class="vue-calendar-day-item"
      />
      <div
        class="vue-calendar-day-item"
      />
      <div
        class="vue-calendar-day-item"
      />
      <div
        class="vue-calendar-day-item"
      />
      <div
        class="vue-calendar-day-item"
      />
      <div
        class="vue-calendar-day-item"
      />
      <div
        class="vue-calendar-day-item"
      />
    </div>
    <div
      class="vue-calendar-body-row"
    >
      <div
        class="vue-calendar-day-item"
      />
      <div
        class="vue-calendar-day-item"
      />
      <div
        class="vue-calendar-day-item"
      />
      <div
        class="vue-calendar-day-item"
      />
      <div
        class="vue-calendar-day-item"
      />
      <div
        class="vue-calendar-day-item"
      />
      <div
        class="vue-calendar-day-item"
      />
    </div>
    <div
      class="vue-calendar-body-row"
    >
      <div
        class="vue-calendar-day-item"
      />
      <div
        class="vue-calendar-day-item"
      />
      <div
        class="vue-calendar-day-item"
      />
      <div
        class="vue-calendar-day-item"
      />
      <div
        class="vue-calendar-day-item"
      />
      <div
        class="vue-calendar-day-item"
      />
      <div
        class="vue-calendar-day-item"
      />
    </div>
    <div
      class="vue-calendar-body-row"
    >
      <div
        class="vue-calendar-day-item"
      />
      <div
        class="vue-calendar-day-item"
      />
      <div
        class="vue-calendar-day-item"
      />
      <div
        class="vue-calendar-day-item"
      />
      <div
        class="vue-calendar-day-item"
      />
      <div
        class="vue-calendar-day-item"
      />
      <div
        class="vue-calendar-day-item"
      />
    </div>
  </div>
</div>
`;

exports[`Calendar component scoped-slot should render currectly 1`] = `
<div
  class="vue-calendar is-month"
>
  <div
    class="vue-calendar-header"
  >
    <div
      class="vue-calendar-header-left"
    />
    <div
      class="vue-calendar-header-center"
    >
      <a
        class="vue-calendar-control vue-calendar-prev"
      >
        &lt;
      </a>
      <span
        class="vue-calendar-header-date"
      >
        1/2018
      </span>
      <a
        class="vue-calendar-control vue-calendar-next"
      >
        &gt;
      </a>
    </div>
    <div
      class="vue-calendar-header-right"
    />
  </div>
  <div
    class="vue-calendar-week-title"
  >
    <div
      class="vue-calendar-week-title-item"
    >
      Sun
    </div>
    <div
      class="vue-calendar-week-title-item"
    >
      Mon
    </div>
    <div
      class="vue-calendar-week-title-item"
    >
      Tue
    </div>
    <div
      class="vue-calendar-week-title-item"
    >
      Wed
    </div>
    <div
      class="vue-calendar-week-title-item"
    >
      Thu
    </div>
    <div
      class="vue-calendar-week-title-item"
    >
      Fri
    </div>
    <div
      class="vue-calendar-week-title-item"
    >
      Sat
    </div>
  </div>
  <div
    class="vue-calendar-body"
  >
    <div
      class="vue-calendar-body-row"
    >
      <div
        class="vue-calendar-day-item"
      >
        <div>
          <span>
            31 {
  "isPrevMonth": true,
  "isPrevLastDay": true,
  "isNextMonth": false,
  "isNextFirstDay": false,
  "isToday": false,
  "isCurMonth": false,
  "data": [],
  "date": {
    "year": 2017,
    "month": 12,
    "date": 31,
    "day": 0,
    "full": "2017-12-31"
  },
  "localeDate": {
    "year": "2017",
    "month": "12",
    "date": "31",
    "day": 0,
    "full": "12/31/2017"
  }
}
          </span>
           
        </div>
      </div>
      <div
        class="vue-calendar-day-item"
      >
        <div>
          <span>
            1 {
  "isPrevMonth": false,
  "isPrevLastDay": false,
  "isNextMonth": false,
  "isNextFirstDay": false,
  "isToday": true,
  "isCurMonth": true,
  "data": [
    {
      "date": "2018-1-1",
      "title": "test scope-slot1"
    }
  ],
  "date": {
    "year": 2018,
    "month": 1,
    "date": 1,
    "day": 1,
    "full": "2018-01-01"
  },
  "localeDate": {
    "year": "2018",
    "month": "1",
    "date": "1",
    "day": 1,
    "full": "1/1/2018"
  }
}
          </span>
           
          <div>
            
              test scope-slot1
            
          </div>
        </div>
      </div>
      <div
        class="vue-calendar-day-item"
      >
        <div>
          <span>
            2 {
  "isPrevMonth": false,
  "isPrevLastDay": false,
  "isNextMonth": false,
  "isNextFirstDay": false,
  "isToday": false,
  "isCurMonth": true,
  "data": [],
  "date": {
    "year": 2018,
    "month": 1,
    "date": 2,
    "day": 2,
    "full": "2018-01-02"
  },
  "localeDate": {
    "year": "2018",
    "month": "1",
    "date": "2",
    "day": 2,
    "full": "1/2/2018"
  }
}
          </span>
           
        </div>
      </div>
      <div
        class="vue-calendar-day-item"
      >
        <div>
          <span>
            3 {
  "isPrevMonth": false,
  "isPrevLastDay": false,
  "isNextMonth": false,
  "isNextFirstDay": false,
  "isToday": false,
  "isCurMonth": true,
  "data": [],
  "date": {
    "year": 2018,
    "month": 1,
    "date": 3,
    "day": 3,
    "full": "2018-01-03"
  },
  "localeDate": {
    "year": "2018",
    "month": "1",
    "date": "3",
    "day": 3,
    "full": "1/3/2018"
  }
}
          </span>
           
        </div>
      </div>
      <div
        class="vue-calendar-day-item"
      >
        <div>
          <span>
            4 {
  "isPrevMonth": false,
  "isPrevLastDay": false,
  "isNextMonth": false,
  "isNextFirstDay": false,
  "isToday": false,
  "isCurMonth": true,
  "data": [],
  "date": {
    "year": 2018,
    "month": 1,
    "date": 4,
    "day": 4,
    "full": "2018-01-04"
  },
  "localeDate": {
    "year": "2018",
    "month": "1",
    "date": "4",
    "day": 4,
    "full": "1/4/2018"
  }
}
          </span>
           
        </div>
      </div>
      <div
        class="vue-calendar-day-item"
      >
        <div>
          <span>
            5 {
  "isPrevMonth": false,
  "isPrevLastDay": false,
  "isNextMonth": false,
  "isNextFirstDay": false,
  "isToday": false,
  "isCurMonth": true,
  "data": [
    {
      "date": "2018-1-5",
      "title": "test scope-slot2"
    }
  ],
  "date": {
    "year": 2018,
    "month": 1,
    "date": 5,
    "day": 5,
    "full": "2018-01-05"
  },
  "localeDate": {
    "year": "2018",
    "month": "1",
    "date": "5",
    "day": 5,
    "full": "1/5/2018"
  }
}
          </span>
           
          <div>
            
              test scope-slot2
            
          </div>
        </div>
      </div>
      <div
        class="vue-calendar-day-item"
      >
        <div>
          <span>
            6 {
  "isPrevMonth": false,
  "isPrevLastDay": false,
  "isNextMonth": false,
  "isNextFirstDay": false,
  "isToday": false,
  "isCurMonth": true,
  "data": [],
  "date": {
    "year": 2018,
    "month": 1,
    "date": 6,
    "day": 6,
    "full": "2018-01-06"
  },
  "localeDate": {
    "year": "2018",
    "month": "1",
    "date": "6",
    "day": 6,
    "full": "1/6/2018"
  }
}
          </span>
           
        </div>
      </div>
    </div>
    <div
      class="vue-calendar-body-row"
    >
      <div
        class="vue-calendar-day-item"
      >
        <div>
          <span>
            7 {
  "isPrevMonth": false,
  "isPrevLastDay": false,
  "isNextMonth": false,
  "isNextFirstDay": false,
  "isToday": false,
  "isCurMonth": true,
  "data": [],
  "date": {
    "year": 2018,
    "month": 1,
    "date": 7,
    "day": 0,
    "full": "2018-01-07"
  },
  "localeDate": {
    "year": "2018",
    "month": "1",
    "date": "7",
    "day": 0,
    "full": "1/7/2018"
  }
}
          </span>
           
        </div>
      </div>
      <div
        class="vue-calendar-day-item"
      >
        <div>
          <span>
            8 {
  "isPrevMonth": false,
  "isPrevLastDay": false,
  "isNextMonth": false,
  "isNextFirstDay": false,
  "isToday": false,
  "isCurMonth": true,
  "data": [],
  "date": {
    "year": 2018,
    "month": 1,
    "date": 8,
    "day": 1,
    "full": "2018-01-08"
  },
  "localeDate": {
    "year": "2018",
    "month": "1",
    "date": "8",
    "day": 1,
    "full": "1/8/2018"
  }
}
          </span>
           
        </div>
      </div>
      <div
        class="vue-calendar-day-item"
      >
        <div>
          <span>
            9 {
  "isPrevMonth": false,
  "isPrevLastDay": false,
  "isNextMonth": false,
  "isNextFirstDay": false,
  "isToday": false,
  "isCurMonth": true,
  "data": [],
  "date": {
    "year": 2018,
    "month": 1,
    "date": 9,
    "day": 2,
    "full": "2018-01-09"
  },
  "localeDate": {
    "year": "2018",
    "month": "1",
    "date": "9",
    "day": 2,
    "full": "1/9/2018"
  }
}
          </span>
           
        </div>
      </div>
      <div
        class="vue-calendar-day-item"
      >
        <div>
          <span>
            10 {
  "isPrevMonth": false,
  "isPrevLastDay": false,
  "isNextMonth": false,
  "isNextFirstDay": false,
  "isToday": false,
  "isCurMonth": true,
  "data": [],
  "date": {
    "year": 2018,
    "month": 1,
    "date": 10,
    "day": 3,
    "full": "2018-01-10"
  },
  "localeDate": {
    "year": "2018",
    "month": "1",
    "date": "10",
    "day": 3,
    "full": "1/10/2018"
  }
}
          </span>
           
        </div>
      </div>
      <div
        class="vue-calendar-day-item"
      >
        <div>
          <span>
            11 {
  "isPrevMonth": false,
  "isPrevLastDay": false,
  "isNextMonth": false,
  "isNextFirstDay": false,
  "isToday": false,
  "isCurMonth": true,
  "data": [],
  "date": {
    "year": 2018,
    "month": 1,
    "date": 11,
    "day": 4,
    "full": "2018-01-11"
  },
  "localeDate": {
    "year": "2018",
    "month": "1",
    "date": "11",
    "day": 4,
    "full": "1/11/2018"
  }
}
          </span>
           
        </div>
      </div>
      <div
        class="vue-calendar-day-item"
      >
        <div>
          <span>
            12 {
  "isPrevMonth": false,
  "isPrevLastDay": false,
  "isNextMonth": false,
  "isNextFirstDay": false,
  "isToday": false,
  "isCurMonth": true,
  "data": [],
  "date": {
    "year": 2018,
    "month": 1,
    "date": 12,
    "day": 5,
    "full": "2018-01-12"
  },
  "localeDate": {
    "year": "2018",
    "month": "1",
    "date": "12",
    "day": 5,
    "full": "1/12/2018"
  }
}
          </span>
           
        </div>
      </div>
      <div
        class="vue-calendar-day-item"
      >
        <div>
          <span>
            13 {
  "isPrevMonth": false,
  "isPrevLastDay": false,
  "isNextMonth": false,
  "isNextFirstDay": false,
  "isToday": false,
  "isCurMonth": true,
  "data": [],
  "date": {
    "year": 2018,
    "month": 1,
    "date": 13,
    "day": 6,
    "full": "2018-01-13"
  },
  "localeDate": {
    "year": "2018",
    "month": "1",
    "date": "13",
    "day": 6,
    "full": "1/13/2018"
  }
}
          </span>
           
        </div>
      </div>
    </div>
    <div
      class="vue-calendar-body-row"
    >
      <div
        class="vue-calendar-day-item"
      >
        <div>
          <span>
            14 {
  "isPrevMonth": false,
  "isPrevLastDay": false,
  "isNextMonth": false,
  "isNextFirstDay": false,
  "isToday": false,
  "isCurMonth": true,
  "data": [],
  "date": {
    "year": 2018,
    "month": 1,
    "date": 14,
    "day": 0,
    "full": "2018-01-14"
  },
  "localeDate": {
    "year": "2018",
    "month": "1",
    "date": "14",
    "day": 0,
    "full": "1/14/2018"
  }
}
          </span>
           
        </div>
      </div>
      <div
        class="vue-calendar-day-item"
      >
        <div>
          <span>
            15 {
  "isPrevMonth": false,
  "isPrevLastDay": false,
  "isNextMonth": false,
  "isNextFirstDay": false,
  "isToday": false,
  "isCurMonth": true,
  "data": [],
  "date": {
    "year": 2018,
    "month": 1,
    "date": 15,
    "day": 1,
    "full": "2018-01-15"
  },
  "localeDate": {
    "year": "2018",
    "month": "1",
    "date": "15",
    "day": 1,
    "full": "1/15/2018"
  }
}
          </span>
           
        </div>
      </div>
      <div
        class="vue-calendar-day-item"
      >
        <div>
          <span>
            16 {
  "isPrevMonth": false,
  "isPrevLastDay": false,
  "isNextMonth": false,
  "isNextFirstDay": false,
  "isToday": false,
  "isCurMonth": true,
  "data": [],
  "date": {
    "year": 2018,
    "month": 1,
    "date": 16,
    "day": 2,
    "full": "2018-01-16"
  },
  "localeDate": {
    "year": "2018",
    "month": "1",
    "date": "16",
    "day": 2,
    "full": "1/16/2018"
  }
}
          </span>
           
        </div>
      </div>
      <div
        class="vue-calendar-day-item"
      >
        <div>
          <span>
            17 {
  "isPrevMonth": false,
  "isPrevLastDay": false,
  "isNextMonth": false,
  "isNextFirstDay": false,
  "isToday": false,
  "isCurMonth": true,
  "data": [],
  "date": {
    "year": 2018,
    "month": 1,
    "date": 17,
    "day": 3,
    "full": "2018-01-17"
  },
  "localeDate": {
    "year": "2018",
    "month": "1",
    "date": "17",
    "day": 3,
    "full": "1/17/2018"
  }
}
          </span>
           
        </div>
      </div>
      <div
        class="vue-calendar-day-item"
      >
        <div>
          <span>
            18 {
  "isPrevMonth": false,
  "isPrevLastDay": false,
  "isNextMonth": false,
  "isNextFirstDay": false,
  "isToday": false,
  "isCurMonth": true,
  "data": [],
  "date": {
    "year": 2018,
    "month": 1,
    "date": 18,
    "day": 4,
    "full": "2018-01-18"
  },
  "localeDate": {
    "year": "2018",
    "month": "1",
    "date": "18",
    "day": 4,
    "full": "1/18/2018"
  }
}
          </span>
           
        </div>
      </div>
      <div
        class="vue-calendar-day-item"
      >
        <div>
          <span>
            19 {
  "isPrevMonth": false,
  "isPrevLastDay": false,
  "isNextMonth": false,
  "isNextFirstDay": false,
  "isToday": false,
  "isCurMonth": true,
  "data": [],
  "date": {
    "year": 2018,
    "month": 1,
    "date": 19,
    "day": 5,
    "full": "2018-01-19"
  },
  "localeDate": {
    "year": "2018",
    "month": "1",
    "date": "19",
    "day": 5,
    "full": "1/19/2018"
  }
}
          </span>
           
        </div>
      </div>
      <div
        class="vue-calendar-day-item"
      >
        <div>
          <span>
            20 {
  "isPrevMonth": false,
  "isPrevLastDay": false,
  "isNextMonth": false,
  "isNextFirstDay": false,
  "isToday": false,
  "isCurMonth": true,
  "data": [],
  "date": {
    "year": 2018,
    "month": 1,
    "date": 20,
    "day": 6,
    "full": "2018-01-20"
  },
  "localeDate": {
    "year": "2018",
    "month": "1",
    "date": "20",
    "day": 6,
    "full": "1/20/2018"
  }
}
          </span>
           
        </div>
      </div>
    </div>
    <div
      class="vue-calendar-body-row"
    >
      <div
        class="vue-calendar-day-item"
      >
        <div>
          <span>
            21 {
  "isPrevMonth": false,
  "isPrevLastDay": false,
  "isNextMonth": false,
  "isNextFirstDay": false,
  "isToday": false,
  "isCurMonth": true,
  "data": [],
  "date": {
    "year": 2018,
    "month": 1,
    "date": 21,
    "day": 0,
    "full": "2018-01-21"
  },
  "localeDate": {
    "year": "2018",
    "month": "1",
    "date": "21",
    "day": 0,
    "full": "1/21/2018"
  }
}
          </span>
           
        </div>
      </div>
      <div
        class="vue-calendar-day-item"
      >
        <div>
          <span>
            22 {
  "isPrevMonth": false,
  "isPrevLastDay": false,
  "isNextMonth": false,
  "isNextFirstDay": false,
  "isToday": false,
  "isCurMonth": true,
  "data": [],
  "date": {
    "year": 2018,
    "month": 1,
    "date": 22,
    "day": 1,
    "full": "2018-01-22"
  },
  "localeDate": {
    "year": "2018",
    "month": "1",
    "date": "22",
    "day": 1,
    "full": "1/22/2018"
  }
}
          </span>
           
        </div>
      </div>
      <div
        class="vue-calendar-day-item"
      >
        <div>
          <span>
            23 {
  "isPrevMonth": false,
  "isPrevLastDay": false,
  "isNextMonth": false,
  "isNextFirstDay": false,
  "isToday": false,
  "isCurMonth": true,
  "data": [],
  "date": {
    "year": 2018,
    "month": 1,
    "date": 23,
    "day": 2,
    "full": "2018-01-23"
  },
  "localeDate": {
    "year": "2018",
    "month": "1",
    "date": "23",
    "day": 2,
    "full": "1/23/2018"
  }
}
          </span>
           
        </div>
      </div>
      <div
        class="vue-calendar-day-item"
      >
        <div>
          <span>
            24 {
  "isPrevMonth": false,
  "isPrevLastDay": false,
  "isNextMonth": false,
  "isNextFirstDay": false,
  "isToday": false,
  "isCurMonth": true,
  "data": [],
  "date": {
    "year": 2018,
    "month": 1,
    "date": 24,
    "day": 3,
    "full": "2018-01-24"
  },
  "localeDate": {
    "year": "2018",
    "month": "1",
    "date": "24",
    "day": 3,
    "full": "1/24/2018"
  }
}
          </span>
           
        </div>
      </div>
      <div
        class="vue-calendar-day-item"
      >
        <div>
          <span>
            25 {
  "isPrevMonth": false,
  "isPrevLastDay": false,
  "isNextMonth": false,
  "isNextFirstDay": false,
  "isToday": false,
  "isCurMonth": true,
  "data": [],
  "date": {
    "year": 2018,
    "month": 1,
    "date": 25,
    "day": 4,
    "full": "2018-01-25"
  },
  "localeDate": {
    "year": "2018",
    "month": "1",
    "date": "25",
    "day": 4,
    "full": "1/25/2018"
  }
}
          </span>
           
        </div>
      </div>
      <div
        class="vue-calendar-day-item"
      >
        <div>
          <span>
            26 {
  "isPrevMonth": false,
  "isPrevLastDay": false,
  "isNextMonth": false,
  "isNextFirstDay": false,
  "isToday": false,
  "isCurMonth": true,
  "data": [],
  "date": {
    "year": 2018,
    "month": 1,
    "date": 26,
    "day": 5,
    "full": "2018-01-26"
  },
  "localeDate": {
    "year": "2018",
    "month": "1",
    "date": "26",
    "day": 5,
    "full": "1/26/2018"
  }
}
          </span>
           
        </div>
      </div>
      <div
        class="vue-calendar-day-item"
      >
        <div>
          <span>
            27 {
  "isPrevMonth": false,
  "isPrevLastDay": false,
  "isNextMonth": false,
  "isNextFirstDay": false,
  "isToday": false,
  "isCurMonth": true,
  "data": [],
  "date": {
    "year": 2018,
    "month": 1,
    "date": 27,
    "day": 6,
    "full": "2018-01-27"
  },
  "localeDate": {
    "year": "2018",
    "month": "1",
    "date": "27",
    "day": 6,
    "full": "1/27/2018"
  }
}
          </span>
           
        </div>
      </div>
    </div>
    <div
      class="vue-calendar-body-row"
    >
      <div
        class="vue-calendar-day-item"
      >
        <div>
          <span>
            28 {
  "isPrevMonth": false,
  "isPrevLastDay": false,
  "isNextMonth": false,
  "isNextFirstDay": false,
  "isToday": false,
  "isCurMonth": true,
  "data": [],
  "date": {
    "year": 2018,
    "month": 1,
    "date": 28,
    "day": 0,
    "full": "2018-01-28"
  },
  "localeDate": {
    "year": "2018",
    "month": "1",
    "date": "28",
    "day": 0,
    "full": "1/28/2018"
  }
}
          </span>
           
        </div>
      </div>
      <div
        class="vue-calendar-day-item"
      >
        <div>
          <span>
            29 {
  "isPrevMonth": false,
  "isPrevLastDay": false,
  "isNextMonth": false,
  "isNextFirstDay": false,
  "isToday": false,
  "isCurMonth": true,
  "data": [],
  "date": {
    "year": 2018,
    "month": 1,
    "date": 29,
    "day": 1,
    "full": "2018-01-29"
  },
  "localeDate": {
    "year": "2018",
    "month": "1",
    "date": "29",
    "day": 1,
    "full": "1/29/2018"
  }
}
          </span>
           
        </div>
      </div>
      <div
        class="vue-calendar-day-item"
      >
        <div>
          <span>
            30 {
  "isPrevMonth": false,
  "isPrevLastDay": false,
  "isNextMonth": false,
  "isNextFirstDay": false,
  "isToday": false,
  "isCurMonth": true,
  "data": [],
  "date": {
    "year": 2018,
    "month": 1,
    "date": 30,
    "day": 2,
    "full": "2018-01-30"
  },
  "localeDate": {
    "year": "2018",
    "month": "1",
    "date": "30",
    "day": 2,
    "full": "1/30/2018"
  }
}
          </span>
           
        </div>
      </div>
      <div
        class="vue-calendar-day-item"
      >
        <div>
          <span>
            31 {
  "isPrevMonth": false,
  "isPrevLastDay": false,
  "isNextMonth": false,
  "isNextFirstDay": false,
  "isToday": false,
  "isCurMonth": true,
  "data": [],
  "date": {
    "year": 2018,
    "month": 1,
    "date": 31,
    "day": 3,
    "full": "2018-01-31"
  },
  "localeDate": {
    "year": "2018",
    "month": "1",
    "date": "31",
    "day": 3,
    "full": "1/31/2018"
  }
}
          </span>
           
        </div>
      </div>
      <div
        class="vue-calendar-day-item"
      >
        <div>
          <span>
            1 {
  "isPrevMonth": false,
  "isPrevLastDay": false,
  "isNextMonth": true,
  "isNextFirstDay": true,
  "isToday": false,
  "isCurMonth": false,
  "data": [],
  "date": {
    "year": 2018,
    "month": 2,
    "date": 1,
    "day": 4,
    "full": "2018-02-01"
  },
  "localeDate": {
    "year": "2018",
    "month": "2",
    "date": "1",
    "day": 4,
    "full": "2/1/2018"
  }
}
          </span>
           
        </div>
      </div>
      <div
        class="vue-calendar-day-item"
      >
        <div>
          <span>
            2 {
  "isPrevMonth": false,
  "isPrevLastDay": false,
  "isNextMonth": true,
  "isNextFirstDay": false,
  "isToday": false,
  "isCurMonth": false,
  "data": [],
  "date": {
    "year": 2018,
    "month": 2,
    "date": 2,
    "day": 5,
    "full": "2018-02-02"
  },
  "localeDate": {
    "year": "2018",
    "month": "2",
    "date": "2",
    "day": 5,
    "full": "2/2/2018"
  }
}
          </span>
           
        </div>
      </div>
      <div
        class="vue-calendar-day-item"
      >
        <div>
          <span>
            3 {
  "isPrevMonth": false,
  "isPrevLastDay": false,
  "isNextMonth": true,
  "isNextFirstDay": false,
  "isToday": false,
  "isCurMonth": false,
  "data": [],
  "date": {
    "year": 2018,
    "month": 2,
    "date": 3,
    "day": 6,
    "full": "2018-02-03"
  },
  "localeDate": {
    "year": "2018",
    "month": "2",
    "date": "3",
    "day": 6,
    "full": "2/3/2018"
  }
}
          </span>
           
        </div>
      </div>
    </div>
    <div
      class="vue-calendar-body-row"
    >
      <div
        class="vue-calendar-day-item"
      >
        <div>
          <span>
            4 {
  "isPrevMonth": false,
  "isPrevLastDay": false,
  "isNextMonth": true,
  "isNextFirstDay": false,
  "isToday": false,
  "isCurMonth": false,
  "data": [],
  "date": {
    "year": 2018,
    "month": 2,
    "date": 4,
    "day": 0,
    "full": "2018-02-04"
  },
  "localeDate": {
    "year": "2018",
    "month": "2",
    "date": "4",
    "day": 0,
    "full": "2/4/2018"
  }
}
          </span>
           
        </div>
      </div>
      <div
        class="vue-calendar-day-item"
      >
        <div>
          <span>
            5 {
  "isPrevMonth": false,
  "isPrevLastDay": false,
  "isNextMonth": true,
  "isNextFirstDay": false,
  "isToday": false,
  "isCurMonth": false,
  "data": [],
  "date": {
    "year": 2018,
    "month": 2,
    "date": 5,
    "day": 1,
    "full": "2018-02-05"
  },
  "localeDate": {
    "year": "2018",
    "month": "2",
    "date": "5",
    "day": 1,
    "full": "2/5/2018"
  }
}
          </span>
           
        </div>
      </div>
      <div
        class="vue-calendar-day-item"
      >
        <div>
          <span>
            6 {
  "isPrevMonth": false,
  "isPrevLastDay": false,
  "isNextMonth": true,
  "isNextFirstDay": false,
  "isToday": false,
  "isCurMonth": false,
  "data": [],
  "date": {
    "year": 2018,
    "month": 2,
    "date": 6,
    "day": 2,
    "full": "2018-02-06"
  },
  "localeDate": {
    "year": "2018",
    "month": "2",
    "date": "6",
    "day": 2,
    "full": "2/6/2018"
  }
}
          </span>
           
        </div>
      </div>
      <div
        class="vue-calendar-day-item"
      >
        <div>
          <span>
            7 {
  "isPrevMonth": false,
  "isPrevLastDay": false,
  "isNextMonth": true,
  "isNextFirstDay": false,
  "isToday": false,
  "isCurMonth": false,
  "data": [],
  "date": {
    "year": 2018,
    "month": 2,
    "date": 7,
    "day": 3,
    "full": "2018-02-07"
  },
  "localeDate": {
    "year": "2018",
    "month": "2",
    "date": "7",
    "day": 3,
    "full": "2/7/2018"
  }
}
          </span>
           
        </div>
      </div>
      <div
        class="vue-calendar-day-item"
      >
        <div>
          <span>
            8 {
  "isPrevMonth": false,
  "isPrevLastDay": false,
  "isNextMonth": true,
  "isNextFirstDay": false,
  "isToday": false,
  "isCurMonth": false,
  "data": [],
  "date": {
    "year": 2018,
    "month": 2,
    "date": 8,
    "day": 4,
    "full": "2018-02-08"
  },
  "localeDate": {
    "year": "2018",
    "month": "2",
    "date": "8",
    "day": 4,
    "full": "2/8/2018"
  }
}
          </span>
           
        </div>
      </div>
      <div
        class="vue-calendar-day-item"
      >
        <div>
          <span>
            9 {
  "isPrevMonth": false,
  "isPrevLastDay": false,
  "isNextMonth": true,
  "isNextFirstDay": false,
  "isToday": false,
  "isCurMonth": false,
  "data": [],
  "date": {
    "year": 2018,
    "month": 2,
    "date": 9,
    "day": 5,
    "full": "2018-02-09"
  },
  "localeDate": {
    "year": "2018",
    "month": "2",
    "date": "9",
    "day": 5,
    "full": "2/9/2018"
  }
}
          </span>
           
        </div>
      </div>
      <div
        class="vue-calendar-day-item"
      >
        <div>
          <span>
            10 {
  "isPrevMonth": false,
  "isPrevLastDay": false,
  "isNextMonth": true,
  "isNextFirstDay": false,
  "isToday": false,
  "isCurMonth": false,
  "data": [],
  "date": {
    "year": 2018,
    "month": 2,
    "date": 10,
    "day": 6,
    "full": "2018-02-10"
  },
  "localeDate": {
    "year": "2018",
    "month": "2",
    "date": "10",
    "day": 6,
    "full": "2/10/2018"
  }
}
          </span>
           
        </div>
      </div>
    </div>
  </div>
</div>
`;
